
> server@0.0.1 start
> nest start

[96msrc/app.module.ts[0m:[93m12[0m:[93m3[0m - [91merror[0m[90m TS1117: [0mAn object literal cannot have multiple properties with the same name.

[7m12[0m   imports: [NguoiDungModule],
[7m  [0m [91m  ~~~~~~~[0m
[96msrc/danh-muc/danh-muc.dto.ts[0m:[93m8[0m:[93m8[0m - [91merror[0m[90m TS2307: [0mCannot find module 'class-validator' or its corresponding type declarations.

[7m8[0m } from 'class-validator';
[7m [0m [91m       ~~~~~~~~~~~~~~~~~[0m
[96msrc/danh-muc/danh-muc.dto.ts[0m:[93m9[0m:[93m29[0m - [91merror[0m[90m TS2307: [0mCannot find module '@nestjs/mapped-types' or its corresponding type declarations.

[7m9[0m import { PartialType } from '@nestjs/mapped-types';
[7m [0m [91m                            ~~~~~~~~~~~~~~~~~~~~~~[0m
[96msrc/danh-muc/danh-muc.entity.ts[0m:[93m12[0m:[93m26[0m - [91merror[0m[90m TS2307: [0mCannot find module '../giao-dich/giao-dich.entity' or its corresponding type declarations.

[7m12[0m import { GiaoDich } from '../giao-dich/giao-dich.entity';
[7m  [0m [91m                         ~~~~~~~~~~~~~~~~~~~~~~~~~~~~~~~[0m
[96msrc/danh-muc/danh-muc.entity.ts[0m:[93m50[0m:[93m42[0m - [91merror[0m[90m TS2339: [0mProperty 'danhMucs' does not exist on type 'NguoiDung'.

[7m50[0m   @ManyToOne(() => NguoiDung, (nd) => nd.danhMucs, {
[7m  [0m [91m                                         ~~~~~~~~[0m
[96msrc/danh-muc/danh-muc.entity.ts[0m:[93m57[0m:[93m38[0m - [91merror[0m[90m TS18046: [0m'gd' is of type 'unknown'.

[7m57[0m   @OneToMany(() => GiaoDich, (gd) => gd.danhMuc)
[7m  [0m [91m                                     ~~[0m
[96msrc/danh-muc/danh-muc.entity.ts[0m:[93m60[0m:[93m41[0m - [91merror[0m[90m TS2551: [0mProperty 'danhMuc' does not exist on type 'NganSach'. Did you mean 'danhMucId'?

[7m60[0m   @OneToMany(() => NganSach, (ns) => ns.danhMuc)
[7m  [0m [91m                                        ~~~~~~~[0m

  [96msrc/ngan-sach/ngan-sach.entity.ts[0m:[93m22[0m:[93m3[0m
    [7m22[0m   danhMucId: number;
    [7m  [0m [96m  ~~~~~~~~~[0m
    'danhMucId' is declared here.
[96msrc/danh-muc/danh-muc.service.ts[0m:[93m65[0m:[93m13[0m - [91merror[0m[90m TS2339: [0mProperty 'tenDanhMuc' does not exist on type 'UpdateDanhMucDto'.

[7m65[0m     if (dto.tenDanhMuc && dto.tenDanhMuc !== danhMuc.tenDanhMuc) {
[7m  [0m [91m            ~~~~~~~~~~[0m
[96msrc/danh-muc/danh-muc.service.ts[0m:[93m65[0m:[93m31[0m - [91merror[0m[90m TS2339: [0mProperty 'tenDanhMuc' does not exist on type 'UpdateDanhMucDto'.

[7m65[0m     if (dto.tenDanhMuc && dto.tenDanhMuc !== danhMuc.tenDanhMuc) {
[7m  [0m [91m                              ~~~~~~~~~~[0m
[96msrc/danh-muc/danh-muc.service.ts[0m:[93m67[0m:[93m47[0m - [91merror[0m[90m TS2339: [0mProperty 'tenDanhMuc' does not exist on type 'UpdateDanhMucDto'.

[7m67[0m         where: { nguoiDungId, tenDanhMuc: dto.tenDanhMuc, loai: dto.loai ?? danhMuc.loai },
[7m  [0m [91m                                              ~~~~~~~~~~[0m
[96msrc/danh-muc/danh-muc.service.ts[0m:[93m67[0m:[93m69[0m - [91merror[0m[90m TS2339: [0mProperty 'loai' does not exist on type 'UpdateDanhMucDto'.

[7m67[0m         where: { nguoiDungId, tenDanhMuc: dto.tenDanhMuc, loai: dto.loai ?? danhMuc.loai },
[7m  [0m [91m                                                                    ~~~~[0m
[96msrc/danh-muc/danh-muc.service.ts[0m:[93m69[0m:[93m58[0m - [91merror[0m[90m TS2339: [0mProperty 'tenDanhMuc' does not exist on type 'UpdateDanhMucDto'.

[7m69[0m       if (dup) throw new BadRequestException(`Tên "${dto.tenDanhMuc}" đã tồn tại`);
[7m  [0m [91m                                                         ~~~~~~~~~~[0m
[96msrc/ngan-sach/ngan-sach.dto.ts[0m:[93m8[0m:[93m8[0m - [91merror[0m[90m TS2307: [0mCannot find module 'class-validator' or its corresponding type declarations.

[7m8[0m } from 'class-validator';
[7m [0m [91m       ~~~~~~~~~~~~~~~~~[0m
[96msrc/ngan-sach/ngan-sach.dto.ts[0m:[93m9[0m:[93m29[0m - [91merror[0m[90m TS2307: [0mCannot find module '@nestjs/mapped-types' or its corresponding type declarations.

[7m9[0m import { PartialType } from '@nestjs/mapped-types';
[7m [0m [91m                            ~~~~~~~~~~~~~~~~~~~~~~[0m
[96msrc/ngan-sach/ngan-sach.service.ts[0m:[93m55[0m:[93m26[0m - [91merror[0m[90m TS2339: [0mProperty 'thang' does not exist on type 'UpdateNganSachDto'.

[7m55[0m     const newThang = dto.thang ?? nganSach.thang;
[7m  [0m [91m                         ~~~~~[0m
[96msrc/ngan-sach/ngan-sach.service.ts[0m:[93m56[0m:[93m26[0m - [91merror[0m[90m TS2339: [0mProperty 'nam' does not exist on type 'UpdateNganSachDto'.

[7m56[0m     const newNam   = dto.nam   ?? nganSach.nam;
[7m  [0m [91m                         ~~~[0m
[96msrc/ngan-sach/ngan-sach.service.ts[0m:[93m57[0m:[93m26[0m - [91merror[0m[90m TS2339: [0mProperty 'danhMucId' does not exist on type 'UpdateNganSachDto'.

[7m57[0m     const newDmId  = dto.danhMucId ?? nganSach.danhMucId;
[7m  [0m [91m                         ~~~~~~~~~[0m
[96msrc/nguoi-dung/nguoi-dung.service.ts[0m:[93m13[0m:[93m21[0m - [91merror[0m[90m TS2345: [0mArgument of type 'any' is not assignable to parameter of type 'never'.

[7m13[0m     this.users.push(user);
[7m  [0m [91m                    ~~~~[0m

Found 18 error(s).

